// Jest Snapshot v1, https://goo.gl/fbAQLP

exports[`MainContent testing Main Content matches Snapshot 1`] = `ReactWrapper {}`;
